{
  "Name": "scm-branch",
  "Path": "refs/heads/scm-branch",
  "Sha": "8d51122def5632836d1cb1026e879069e10a1e13"
}