{
  "Name": "master",
  "Path": "refs/heads/master",
  "Sha": "8d51122def5632836d1cb1026e879069e10a1e13"
}